<html>
<body>
<pre>
<h1>礦ision Build Log</h1>
<h2>Project:</h2>
C:\Users\zhangjunjie\Desktop\iotdata\midexam\实验5.3 Wifi无线通信实验源码\test.uvproj
Project File Date:  04/19/2025

<h2>Output:</h2>
Build target 'Test'
linking...
Program Size: Code=14920 RO-data=2356 RW-data=436 ZI-data=2308  
FromELF: creating hex file...
".\OBJ\test.axf" - 0 Error(s), 0 Warning(s).
Load "C:\\Users\\zhangjunjie\\Desktop\\iotdata\\midexam\\实验5.3 Wifi无线通信实验源码\\OBJ\\test.axf" 
Error: Flash Download failed  -  Target DLL has been cancelled
Load "C:\\Users\\zhangjunjie\\Desktop\\iotdata\\midexam\\实验5.3 Wifi无线通信实验源码\\OBJ\\test.axf" 
Erase Done.
Programming Done.
Application running ...
a[128]={0};
USER\main.c(323): warning:  #177-D: variable "j" was declared but never referenced
        unsigned int dat,i,j;
USER\main.c(330): warning:  #177-D: variable "ucTcpClientFlag" was declared but never referenced
        uint8_t ucTcpClientFlag = 1;            // 网络连接标记,0:SERVER 或1:CLIENT;
USER\main.c(331): warning:  #177-D: variable "ucWifiType" was declared but never referenced
        uint8_t ucWifiType = 1;                                 // 修改参数0:SERVER 或1:CLIENT;然后编译
USER\main.c(545): warning: C4487E: read from variable 'str1' with offset out of bounds
}
USER\main.c: 8 warnings, 0 errors
linking...
Program Size: Code=14920 RO-data=2356 RW-data=436 ZI-data=2308  
FromELF: creating hex file...
".\OBJ\test.axf" - 0 Error(s), 8 Warning(s).
Load "C:\\Users\\zhangjunjie\\Desktop\\iotdata\\midexam\\实验5.3 Wifi无线通信实验源码\\OBJ\\test.axf" 
Error: Flash Download failed  -  Target DLL has been cancelled
Load "C:\\Users\\zhangjunjie\\Desktop\\iotdata\\midexam\\实验5.3 Wifi无线通信实验源码\\OBJ\\test.axf" 
Error: Flash Download failed  -  Target DLL has been cancelled
Load "C:\\Users\\zhangjunjie\\Desktop\\iotdata\\midexam\\实验5.3 Wifi无线通信实验源码\\OBJ\\test.axf" 
Error: Flash Download failed  -  Target DLL has been cancelled
Load "C:\\Users\\zhangjunjie\\Desktop\\iotdata\\midexam\\实验5.3 Wifi无线通信实验源码\\OBJ\\test.axf" 
Error: Flash Download failed  -  Target DLL has been cancelled
Load "C:\\Users\\zhangjunjie\\Desktop\\iotdata\\midexam\\实验5.3 Wifi无线通信实验源码\\OBJ\\test.axf" 
Error: Flash Download failed  -  Target DLL has been cancelled
Load "C:\\Users\\zhangjunjie\\Desktop\\iotdata\\midexam\\实验5.3 Wifi无线通信实验源码\\OBJ\\test.axf" 
Error: Flash Download failed  -  Target DLL has been cancelled
Load "C:\\Users\\zhangjunjie\\Desktop\\iotdata\\midexam\\实验5.3 Wifi无线通信实验源码\\OBJ\\test.axf" 
Error: Flash Download failed  -  Target DLL has been cancelled
