ARM Linker, 5.03 [Build 76] [MDK-ARM Standard]

==============================================================================

Section Cross References

    main.o(.text) refers to i2c.o(.text) for IIC_Start
    main.o(.text) refers to ffltui.o(.text) for __aeabi_ui2f
    main.o(.text) refers to fmul.o(.text) for __aeabi_fmul
    main.o(.text) refers to fdiv.o(.text) for __aeabi_fdiv
    main.o(.text) refers to fadd.o(.text) for __aeabi_fsub
    main.o(.text) refers to ffixui.o(.text) for __aeabi_f2uiz
    main.o(.text) refers to stm32f10x_rcc.o(.text) for RCC_APB2PeriphClockCmd
    main.o(.text) refers to stm32f10x_gpio.o(.text) for GPIO_Init
    main.o(.text) refers to memseta.o(.text) for __aeabi_memclr4
    main.o(.text) refers to delay.o(.text) for Delay_Init
    main.o(.text) refers to usart2.o(.text) for USART2_Init
    main.o(.text) refers to esp8266.o(.text) for ESP8266_Init
    main.o(.text) refers to oled.o(.text) for OLED_Init
    main.o(.text) refers to f2d.o(.text) for __aeabi_f2d
    main.o(.text) refers to printfa.o(i.__0sprintf) for __2sprintf
    main.o(.text) refers to main.o(.constdata) for .constdata
    system_stm32f10x.o(.text) refers to system_stm32f10x.o(.data) for SystemCoreClock
    oled.o(.text) refers to stm32f10x_gpio.o(.text) for GPIO_SetBits
    oled.o(.text) refers to oled.o(.constdata) for F8X16
    oled.o(.text) refers to stm32f10x_rcc.o(.text) for RCC_APB2PeriphClockCmd
    oled.o(.text) refers to delay.o(.text) for delay_ms
    oled.o(.text) refers to oled.o(.data) for Hzk
    delay.o(.text) refers to misc.o(.text) for SysTick_CLKSourceConfig
    delay.o(.text) refers to system_stm32f10x.o(.data) for SystemCoreClock
    delay.o(.text) refers to delay.o(.data) for fac_us
    sys.o(.text) refers to misc.o(.text) for NVIC_PriorityGroupConfig
    esp8266.o(.text) refers to misc.o(.text) for NVIC_PriorityGroupConfig
    esp8266.o(.text) refers to stm32f10x_rcc.o(.text) for RCC_APB1PeriphClockCmd
    esp8266.o(.text) refers to stm32f10x_gpio.o(.text) for GPIO_Init
    esp8266.o(.text) refers to stm32f10x_usart.o(.text) for USART_Init
    esp8266.o(.text) refers to common.o(.text) for USART_printf
    esp8266.o(.text) refers to delay.o(.text) for delay_ms
    esp8266.o(.text) refers to printfa.o(i.__0printf) for __2printf
    esp8266.o(.text) refers to strstr.o(.text) for strstr
    esp8266.o(.text) refers to printfa.o(i.__0sprintf) for __2sprintf
    esp8266.o(.text) refers to memseta.o(.text) for __aeabi_memclr4
    esp8266.o(.text) refers to esp8266.o(.bss) for strEsp8266_Fram_Record
    esp8266.o(.text) refers to memcpya.o(.text) for __aeabi_memcpy4
    esp8266.o(.text) refers to strlen.o(.text) for strlen
    usart2.o(.text) refers to stm32f10x_rcc.o(.text) for RCC_APB1PeriphClockCmd
    usart2.o(.text) refers to stm32f10x_gpio.o(.text) for GPIO_Init
    usart2.o(.text) refers to misc.o(.text) for NVIC_Init
    usart2.o(.text) refers to stm32f10x_usart.o(.text) for USART_Init
    usart2.o(.text) refers to usart2.o(.data) for USART2_RX_LEN
    usart2.o(.text) refers to usart2.o(.bss) for USART2_RX_BUF
    common.o(.text) refers to stm32f10x_usart.o(.text) for USART_SendData
    i2c.o(.text) refers to delay.o(.text) for delay_us
    i2c.o(.text) refers to stm32f10x_rcc.o(.text) for RCC_APB2PeriphClockCmd
    i2c.o(.text) refers to stm32f10x_gpio.o(.text) for GPIO_Init
    startup_stm32f10x_md.o(RESET) refers to startup_stm32f10x_md.o(STACK) for __initial_sp
    startup_stm32f10x_md.o(RESET) refers to startup_stm32f10x_md.o(.text) for Reset_Handler
    startup_stm32f10x_md.o(RESET) refers to stm32f10x_it.o(.text) for NMI_Handler
    startup_stm32f10x_md.o(RESET) refers to usart2.o(.text) for USART2_IRQHandler
    startup_stm32f10x_md.o(RESET) refers to esp8266.o(.text) for USART3_IRQHandler
    startup_stm32f10x_md.o(.text) refers to system_stm32f10x.o(.text) for SystemInit
    startup_stm32f10x_md.o(.text) refers to entry.o(.ARM.Collect$$$$00000000) for __main
    stm32f10x_adc.o(.text) refers to stm32f10x_rcc.o(.text) for RCC_APB2PeriphResetCmd
    stm32f10x_bkp.o(.text) refers to stm32f10x_rcc.o(.text) for RCC_BackupResetCmd
    stm32f10x_can.o(.text) refers to stm32f10x_rcc.o(.text) for RCC_APB1PeriphResetCmd
    stm32f10x_cec.o(.text) refers to stm32f10x_rcc.o(.text) for RCC_APB1PeriphResetCmd
    stm32f10x_dac.o(.text) refers to stm32f10x_rcc.o(.text) for RCC_APB1PeriphResetCmd
    stm32f10x_gpio.o(.text) refers to stm32f10x_rcc.o(.text) for RCC_APB2PeriphResetCmd
    stm32f10x_i2c.o(.text) refers to stm32f10x_rcc.o(.text) for RCC_APB1PeriphResetCmd
    stm32f10x_pwr.o(.text) refers to stm32f10x_rcc.o(.text) for RCC_APB1PeriphResetCmd
    stm32f10x_rcc.o(.text) refers to stm32f10x_rcc.o(.data) for APBAHBPrescTable
    stm32f10x_spi.o(.text) refers to stm32f10x_rcc.o(.text) for RCC_APB2PeriphResetCmd
    stm32f10x_tim.o(.text) refers to stm32f10x_rcc.o(.text) for RCC_APB2PeriphResetCmd
    stm32f10x_usart.o(.text) refers to stm32f10x_rcc.o(.text) for RCC_APB2PeriphResetCmd
    stm32f10x_wwdg.o(.text) refers to stm32f10x_rcc.o(.text) for RCC_APB1PeriphResetCmd
    entry.o(.ARM.Collect$$$$00000000) refers (Special) to entry10a.o(.ARM.Collect$$$$0000000D) for __rt_final_cpp
    entry.o(.ARM.Collect$$$$00000000) refers (Special) to entry11a.o(.ARM.Collect$$$$0000000F) for __rt_final_exit
    entry.o(.ARM.Collect$$$$00000000) refers (Special) to entry7b.o(.ARM.Collect$$$$00000008) for _main_clock
    entry.o(.ARM.Collect$$$$00000000) refers (Special) to entry8b.o(.ARM.Collect$$$$0000000A) for _main_cpp_init
    entry.o(.ARM.Collect$$$$00000000) refers (Special) to entry9a.o(.ARM.Collect$$$$0000000B) for _main_init
    entry.o(.ARM.Collect$$$$00000000) refers (Special) to entry5.o(.ARM.Collect$$$$00000004) for _main_scatterload
    entry.o(.ARM.Collect$$$$00000000) refers (Special) to entry2.o(.ARM.Collect$$$$00000001) for _main_stk
    printfb.o(i.__0fprintf$bare) refers to printfb.o(i._printf_core) for _printf_core
    printfb.o(i.__0fprintf$bare) refers to usart2.o(.text) for fputc
    printfb.o(i.__0printf$bare) refers to printfb.o(i._printf_core) for _printf_core
    printfb.o(i.__0printf$bare) refers to usart2.o(.text) for fputc
    printfb.o(i.__0printf$bare) refers to stdout.o(.data) for __stdout
    printfb.o(i.__0snprintf$bare) refers to printfb.o(i._printf_core) for _printf_core
    printfb.o(i.__0snprintf$bare) refers to printfb.o(i._snputc) for _snputc
    printfb.o(i.__0sprintf$bare) refers to printfb.o(i._printf_core) for _printf_core
    printfb.o(i.__0sprintf$bare) refers to printfb.o(i._sputc) for _sputc
    printfb.o(i.__0vfprintf$bare) refers to printfb.o(i._printf_core) for _printf_core
    printfb.o(i.__0vfprintf$bare) refers to usart2.o(.text) for fputc
    printfb.o(i.__0vprintf$bare) refers to printfb.o(i._printf_core) for _printf_core
    printfb.o(i.__0vprintf$bare) refers to usart2.o(.text) for fputc
    printfb.o(i.__0vprintf$bare) refers to stdout.o(.data) for __stdout
    printfb.o(i.__0vsnprintf$bare) refers to printfb.o(i._printf_core) for _printf_core
    printfb.o(i.__0vsnprintf$bare) refers to printfb.o(i._snputc) for _snputc
    printfb.o(i.__0vsprintf$bare) refers to printfb.o(i._printf_core) for _printf_core
    printfb.o(i.__0vsprintf$bare) refers to printfb.o(i._sputc) for _sputc
    printf0.o(i.__0fprintf$0) refers to printf0.o(i._printf_core) for _printf_core
    printf0.o(i.__0fprintf$0) refers to usart2.o(.text) for fputc
    printf0.o(i.__0printf$0) refers to printf0.o(i._printf_core) for _printf_core
    printf0.o(i.__0printf$0) refers to usart2.o(.text) for fputc
    printf0.o(i.__0printf$0) refers to stdout.o(.data) for __stdout
    printf0.o(i.__0snprintf$0) refers to printf0.o(i._printf_core) for _printf_core
    printf0.o(i.__0snprintf$0) refers to printf0.o(i._snputc) for _snputc
    printf0.o(i.__0sprintf$0) refers to printf0.o(i._printf_core) for _printf_core
    printf0.o(i.__0sprintf$0) refers to printf0.o(i._sputc) for _sputc
    printf0.o(i.__0vfprintf$0) refers to printf0.o(i._printf_core) for _printf_core
    printf0.o(i.__0vfprintf$0) refers to usart2.o(.text) for fputc
    printf0.o(i.__0vprintf$0) refers to printf0.o(i._printf_core) for _printf_core
    printf0.o(i.__0vprintf$0) refers to usart2.o(.text) for fputc
    printf0.o(i.__0vprintf$0) refers to stdout.o(.data) for __stdout
    printf0.o(i.__0vsnprintf$0) refers to printf0.o(i._printf_core) for _printf_core
    printf0.o(i.__0vsnprintf$0) refers to printf0.o(i._snputc) for _snputc
    printf0.o(i.__0vsprintf$0) refers to printf0.o(i._printf_core) for _printf_core
    printf0.o(i.__0vsprintf$0) refers to printf0.o(i._sputc) for _sputc
    printf1.o(i.__0fprintf$1) refers to printf1.o(i._printf_core) for _printf_core
    printf1.o(i.__0fprintf$1) refers to usart2.o(.text) for fputc
    printf1.o(i.__0printf$1) refers to printf1.o(i._printf_core) for _printf_core
    printf1.o(i.__0printf$1) refers to usart2.o(.text) for fputc
    printf1.o(i.__0printf$1) refers to stdout.o(.data) for __stdout
    printf1.o(i.__0snprintf$1) refers to printf1.o(i._printf_core) for _printf_core
    printf1.o(i.__0snprintf$1) refers to printf1.o(i._snputc) for _snputc
    printf1.o(i.__0sprintf$1) refers to printf1.o(i._printf_core) for _printf_core
    printf1.o(i.__0sprintf$1) refers to printf1.o(i._sputc) for _sputc
    printf1.o(i.__0vfprintf$1) refers to printf1.o(i._printf_core) for _printf_core
    printf1.o(i.__0vfprintf$1) refers to usart2.o(.text) for fputc
    printf1.o(i.__0vprintf$1) refers to printf1.o(i._printf_core) for _printf_core
    printf1.o(i.__0vprintf$1) refers to usart2.o(.text) for fputc
    printf1.o(i.__0vprintf$1) refers to stdout.o(.data) for __stdout
    printf1.o(i.__0vsnprintf$1) refers to printf1.o(i._printf_core) for _printf_core
    printf1.o(i.__0vsnprintf$1) refers to printf1.o(i._snputc) for _snputc
    printf1.o(i.__0vsprintf$1) refers to printf1.o(i._printf_core) for _printf_core
    printf1.o(i.__0vsprintf$1) refers to printf1.o(i._sputc) for _sputc
    printf1.o(i._printf_core) refers to uidiv.o(.text) for __aeabi_uidivmod
    printf2.o(i.__0fprintf$2) refers to printf2.o(i._printf_core) for _printf_core
    printf2.o(i.__0fprintf$2) refers to usart2.o(.text) for fputc
    printf2.o(i.__0printf$2) refers to printf2.o(i._printf_core) for _printf_core
    printf2.o(i.__0printf$2) refers to usart2.o(.text) for fputc
    printf2.o(i.__0printf$2) refers to stdout.o(.data) for __stdout
    printf2.o(i.__0snprintf$2) refers to printf2.o(i._printf_core) for _printf_core
    printf2.o(i.__0snprintf$2) refers to printf2.o(i._snputc) for _snputc
    printf2.o(i.__0sprintf$2) refers to printf2.o(i._printf_core) for _printf_core
    printf2.o(i.__0sprintf$2) refers to printf2.o(i._sputc) for _sputc
    printf2.o(i.__0vfprintf$2) refers to printf2.o(i._printf_core) for _printf_core
    printf2.o(i.__0vfprintf$2) refers to usart2.o(.text) for fputc
    printf2.o(i.__0vprintf$2) refers to printf2.o(i._printf_core) for _printf_core
    printf2.o(i.__0vprintf$2) refers to usart2.o(.text) for fputc
    printf2.o(i.__0vprintf$2) refers to stdout.o(.data) for __stdout
    printf2.o(i.__0vsnprintf$2) refers to printf2.o(i._printf_core) for _printf_core
    printf2.o(i.__0vsnprintf$2) refers to printf2.o(i._snputc) for _snputc
    printf2.o(i.__0vsprintf$2) refers to printf2.o(i._printf_core) for _printf_core
    printf2.o(i.__0vsprintf$2) refers to printf2.o(i._sputc) for _sputc
    printf3.o(i.__0fprintf$3) refers to printf3.o(i._printf_core) for _printf_core
    printf3.o(i.__0fprintf$3) refers to usart2.o(.text) for fputc
    printf3.o(i.__0printf$3) refers to printf3.o(i._printf_core) for _printf_core
    printf3.o(i.__0printf$3) refers to usart2.o(.text) for fputc
    printf3.o(i.__0printf$3) refers to stdout.o(.data) for __stdout
    printf3.o(i.__0snprintf$3) refers to printf3.o(i._printf_core) for _printf_core
    printf3.o(i.__0snprintf$3) refers to printf3.o(i._snputc) for _snputc
    printf3.o(i.__0sprintf$3) refers to printf3.o(i._printf_core) for _printf_core
    printf3.o(i.__0sprintf$3) refers to printf3.o(i._sputc) for _sputc
    printf3.o(i.__0vfprintf$3) refers to printf3.o(i._printf_core) for _printf_core
    printf3.o(i.__0vfprintf$3) refers to usart2.o(.text) for fputc
    printf3.o(i.__0vprintf$3) refers to printf3.o(i._printf_core) for _printf_core
    printf3.o(i.__0vprintf$3) refers to usart2.o(.text) for fputc
    printf3.o(i.__0vprintf$3) refers to stdout.o(.data) for __stdout
    printf3.o(i.__0vsnprintf$3) refers to printf3.o(i._printf_core) for _printf_core
    printf3.o(i.__0vsnprintf$3) refers to printf3.o(i._snputc) for _snputc
    printf3.o(i.__0vsprintf$3) refers to printf3.o(i._printf_core) for _printf_core
    printf3.o(i.__0vsprintf$3) refers to printf3.o(i._sputc) for _sputc
    printf3.o(i._printf_core) refers to uidiv.o(.text) for __aeabi_uidivmod
    printf4.o(i.__0fprintf$4) refers to printf4.o(i._printf_core) for _printf_core
    printf4.o(i.__0fprintf$4) refers to usart2.o(.text) for fputc
    printf4.o(i.__0printf$4) refers to printf4.o(i._printf_core) for _printf_core
    printf4.o(i.__0printf$4) refers to usart2.o(.text) for fputc
    printf4.o(i.__0printf$4) refers to stdout.o(.data) for __stdout
    printf4.o(i.__0snprintf$4) refers to printf4.o(i._printf_core) for _printf_core
    printf4.o(i.__0snprintf$4) refers to printf4.o(i._snputc) for _snputc
    printf4.o(i.__0sprintf$4) refers to printf4.o(i._printf_core) for _printf_core
    printf4.o(i.__0sprintf$4) refers to printf4.o(i._sputc) for _sputc
    printf4.o(i.__0vfprintf$4) refers to printf4.o(i._printf_core) for _printf_core
    printf4.o(i.__0vfprintf$4) refers to usart2.o(.text) for fputc
    printf4.o(i.__0vprintf$4) refers to printf4.o(i._printf_core) for _printf_core
    printf4.o(i.__0vprintf$4) refers to usart2.o(.text) for fputc
    printf4.o(i.__0vprintf$4) refers to stdout.o(.data) for __stdout
    printf4.o(i.__0vsnprintf$4) refers to printf4.o(i._printf_core) for _printf_core
    printf4.o(i.__0vsnprintf$4) refers to printf4.o(i._snputc) for _snputc
    printf4.o(i.__0vsprintf$4) refers to printf4.o(i._printf_core) for _printf_core
    printf4.o(i.__0vsprintf$4) refers to printf4.o(i._sputc) for _sputc
    printf4.o(i._printf_core) refers to uldiv.o(.text) for __aeabi_uldivmod
    printf5.o(i.__0fprintf$5) refers to printf5.o(i._printf_core) for _printf_core
    printf5.o(i.__0fprintf$5) refers to usart2.o(.text) for fputc
    printf5.o(i.__0printf$5) refers to printf5.o(i._printf_core) for _printf_core
    printf5.o(i.__0printf$5) refers to usart2.o(.text) for fputc
    printf5.o(i.__0printf$5) refers to stdout.o(.data) for __stdout
    printf5.o(i.__0snprintf$5) refers to printf5.o(i._printf_core) for _printf_core
    printf5.o(i.__0snprintf$5) refers to printf5.o(i._snputc) for _snputc
    printf5.o(i.__0sprintf$5) refers to printf5.o(i._printf_core) for _printf_core
    printf5.o(i.__0sprintf$5) refers to printf5.o(i._sputc) for _sputc
    printf5.o(i.__0vfprintf$5) refers to printf5.o(i._printf_core) for _printf_core
    printf5.o(i.__0vfprintf$5) refers to usart2.o(.text) for fputc
    printf5.o(i.__0vprintf$5) refers to printf5.o(i._printf_core) for _printf_core
    printf5.o(i.__0vprintf$5) refers to usart2.o(.text) for fputc
    printf5.o(i.__0vprintf$5) refers to stdout.o(.data) for __stdout
    printf5.o(i.__0vsnprintf$5) refers to printf5.o(i._printf_core) for _printf_core
    printf5.o(i.__0vsnprintf$5) refers to printf5.o(i._snputc) for _snputc
    printf5.o(i.__0vsprintf$5) refers to printf5.o(i._printf_core) for _printf_core
    printf5.o(i.__0vsprintf$5) refers to printf5.o(i._sputc) for _sputc
    printf5.o(i._printf_core) refers to uldiv.o(.text) for __aeabi_uldivmod
    printf6.o(i.__0fprintf$6) refers to printf6.o(i._printf_core) for _printf_core
    printf6.o(i.__0fprintf$6) refers to usart2.o(.text) for fputc
    printf6.o(i.__0printf$6) refers to printf6.o(i._printf_core) for _printf_core
    printf6.o(i.__0printf$6) refers to usart2.o(.text) for fputc
    printf6.o(i.__0printf$6) refers to stdout.o(.data) for __stdout
    printf6.o(i.__0snprintf$6) refers to printf6.o(i._printf_core) for _printf_core
    printf6.o(i.__0snprintf$6) refers to printf6.o(i._snputc) for _snputc
    printf6.o(i.__0sprintf$6) refers to printf6.o(i._printf_core) for _printf_core
    printf6.o(i.__0sprintf$6) refers to printf6.o(i._sputc) for _sputc
    printf6.o(i.__0vfprintf$6) refers to printf6.o(i._printf_core) for _printf_core
    printf6.o(i.__0vfprintf$6) refers to usart2.o(.text) for fputc
    printf6.o(i.__0vprintf$6) refers to printf6.o(i._printf_core) for _printf_core
    printf6.o(i.__0vprintf$6) refers to usart2.o(.text) for fputc
    printf6.o(i.__0vprintf$6) refers to stdout.o(.data) for __stdout
    printf6.o(i.__0vsnprintf$6) refers to printf6.o(i._printf_core) for _printf_core
    printf6.o(i.__0vsnprintf$6) refers to printf6.o(i._snputc) for _snputc
    printf6.o(i.__0vsprintf$6) refers to printf6.o(i._printf_core) for _printf_core
    printf6.o(i.__0vsprintf$6) refers to printf6.o(i._sputc) for _sputc
    printf6.o(i._printf_core) refers to printf6.o(i._printf_pre_padding) for _printf_pre_padding
    printf6.o(i._printf_core) refers to uidiv.o(.text) for __aeabi_uidivmod
    printf6.o(i._printf_core) refers to printf6.o(i._printf_post_padding) for _printf_post_padding
    printf7.o(i.__0fprintf$7) refers to printf7.o(i._printf_core) for _printf_core
    printf7.o(i.__0fprintf$7) refers to usart2.o(.text) for fputc
    printf7.o(i.__0printf$7) refers to printf7.o(i._printf_core) for _printf_core
    printf7.o(i.__0printf$7) refers to usart2.o(.text) for fputc
    printf7.o(i.__0printf$7) refers to stdout.o(.data) for __stdout
    printf7.o(i.__0snprintf$7) refers to printf7.o(i._printf_core) for _printf_core
    printf7.o(i.__0snprintf$7) refers to printf7.o(i._snputc) for _snputc
    printf7.o(i.__0sprintf$7) refers to printf7.o(i._printf_core) for _printf_core
    printf7.o(i.__0sprintf$7) refers to printf7.o(i._sputc) for _sputc
    printf7.o(i.__0vfprintf$7) refers to printf7.o(i._printf_core) for _printf_core
    printf7.o(i.__0vfprintf$7) refers to usart2.o(.text) for fputc
    printf7.o(i.__0vprintf$7) refers to printf7.o(i._printf_core) for _printf_core
    printf7.o(i.__0vprintf$7) refers to usart2.o(.text) for fputc
    printf7.o(i.__0vprintf$7) refers to stdout.o(.data) for __stdout
    printf7.o(i.__0vsnprintf$7) refers to printf7.o(i._printf_core) for _printf_core
    printf7.o(i.__0vsnprintf$7) refers to printf7.o(i._snputc) for _snputc
    printf7.o(i.__0vsprintf$7) refers to printf7.o(i._printf_core) for _printf_core
    printf7.o(i.__0vsprintf$7) refers to printf7.o(i._sputc) for _sputc
    printf7.o(i._printf_core) refers to printf7.o(i._printf_pre_padding) for _printf_pre_padding
    printf7.o(i._printf_core) refers to uldiv.o(.text) for __aeabi_uldivmod
    printf7.o(i._printf_core) refers to printf7.o(i._printf_post_padding) for _printf_post_padding
    printf8.o(i.__0fprintf$8) refers to printf8.o(i._printf_core) for _printf_core
    printf8.o(i.__0fprintf$8) refers to usart2.o(.text) for fputc
    printf8.o(i.__0printf$8) refers to printf8.o(i._printf_core) for _printf_core
    printf8.o(i.__0printf$8) refers to usart2.o(.text) for fputc
    printf8.o(i.__0printf$8) refers to stdout.o(.data) for __stdout
    printf8.o(i.__0snprintf$8) refers to printf8.o(i._printf_core) for _printf_core
    printf8.o(i.__0snprintf$8) refers to printf8.o(i._snputc) for _snputc
    printf8.o(i.__0sprintf$8) refers to printf8.o(i._printf_core) for _printf_core
    printf8.o(i.__0sprintf$8) refers to printf8.o(i._sputc) for _sputc
    printf8.o(i.__0vfprintf$8) refers to printf8.o(i._printf_core) for _printf_core
    printf8.o(i.__0vfprintf$8) refers to usart2.o(.text) for fputc
    printf8.o(i.__0vprintf$8) refers to printf8.o(i._printf_core) for _printf_core
    printf8.o(i.__0vprintf$8) refers to usart2.o(.text) for fputc
    printf8.o(i.__0vprintf$8) refers to stdout.o(.data) for __stdout
    printf8.o(i.__0vsnprintf$8) refers to printf8.o(i._printf_core) for _printf_core
    printf8.o(i.__0vsnprintf$8) refers to printf8.o(i._snputc) for _snputc
    printf8.o(i.__0vsprintf$8) refers to printf8.o(i._printf_core) for _printf_core
    printf8.o(i.__0vsprintf$8) refers to printf8.o(i._sputc) for _sputc
    printf8.o(i._printf_core) refers to printf8.o(i._printf_pre_padding) for _printf_pre_padding
    printf8.o(i._printf_core) refers to uldiv.o(.text) for __aeabi_uldivmod
    printf8.o(i._printf_core) refers to printf8.o(i._printf_post_padding) for _printf_post_padding
    printfa.o(i.__0fprintf) refers (Special) to iusefp.o(.text) for __I$use$fp
    printfa.o(i.__0fprintf) refers to printfa.o(i._printf_core) for _printf_core
    printfa.o(i.__0fprintf) refers to usart2.o(.text) for fputc
    printfa.o(i.__0printf) refers (Special) to iusefp.o(.text) for __I$use$fp
    printfa.o(i.__0printf) refers to printfa.o(i._printf_core) for _printf_core
    printfa.o(i.__0printf) refers to usart2.o(.text) for fputc
    printfa.o(i.__0printf) refers to stdout.o(.data) for __stdout
    printfa.o(i.__0snprintf) refers (Special) to iusefp.o(.text) for __I$use$fp
    printfa.o(i.__0snprintf) refers to printfa.o(i._printf_core) for _printf_core
    printfa.o(i.__0snprintf) refers to printfa.o(i._snputc) for _snputc
    printfa.o(i.__0sprintf) refers (Special) to iusefp.o(.text) for __I$use$fp
    printfa.o(i.__0sprintf) refers to printfa.o(i._printf_core) for _printf_core
    printfa.o(i.__0sprintf) refers to printfa.o(i._sputc) for _sputc
    printfa.o(i.__0vfprintf) refers (Special) to iusefp.o(.text) for __I$use$fp
    printfa.o(i.__0vfprintf) refers to printfa.o(i._printf_core) for _printf_core
    printfa.o(i.__0vfprintf) refers to usart2.o(.text) for fputc
    printfa.o(i.__0vprintf) refers (Special) to iusefp.o(.text) for __I$use$fp
    printfa.o(i.__0vprintf) refers to printfa.o(i._printf_core) for _printf_core
    printfa.o(i.__0vprintf) refers to usart2.o(.text) for fputc
    printfa.o(i.__0vprintf) refers to stdout.o(.data) for __stdout
    printfa.o(i.__0vsnprintf) refers (Special) to iusefp.o(.text) for __I$use$fp
    printfa.o(i.__0vsnprintf) refers to printfa.o(i._printf_core) for _printf_core
    printfa.o(i.__0vsnprintf) refers to printfa.o(i._snputc) for _snputc
    printfa.o(i.__0vsprintf) refers (Special) to iusefp.o(.text) for __I$use$fp
    printfa.o(i.__0vsprintf) refers to printfa.o(i._printf_core) for _printf_core
    printfa.o(i.__0vsprintf) refers to printfa.o(i._sputc) for _sputc
    printfa.o(i._fp_digits) refers (Special) to iusefp.o(.text) for __I$use$fp
    printfa.o(i._fp_digits) refers to dmul.o(.text) for __aeabi_dmul
    printfa.o(i._fp_digits) refers to ddiv.o(.text) for __aeabi_ddiv
    printfa.o(i._fp_digits) refers to cdrcmple.o(.text) for __aeabi_cdrcmple
    printfa.o(i._fp_digits) refers to dadd.o(.text) for __aeabi_dadd
    printfa.o(i._fp_digits) refers to dfixul.o(.text) for __aeabi_d2ulz
    printfa.o(i._fp_digits) refers to uldiv.o(.text) for __aeabi_uldivmod
    printfa.o(i._printf_core) refers (Special) to iusefp.o(.text) for __I$use$fp
    printfa.o(i._printf_core) refers to printfa.o(i._printf_pre_padding) for _printf_pre_padding
    printfa.o(i._printf_core) refers to uldiv.o(.text) for __aeabi_uldivmod
    printfa.o(i._printf_core) refers to printfa.o(i._printf_post_padding) for _printf_post_padding
    printfa.o(i._printf_core) refers to printfa.o(i._fp_digits) for _fp_digits
    printfa.o(i._printf_core) refers to uidiv.o(.text) for __aeabi_uidivmod
    printfa.o(i._printf_post_padding) refers (Special) to iusefp.o(.text) for __I$use$fp
    printfa.o(i._printf_pre_padding) refers (Special) to iusefp.o(.text) for __I$use$fp
    printfa.o(i._snputc) refers (Special) to iusefp.o(.text) for __I$use$fp
    printfa.o(i._sputc) refers (Special) to iusefp.o(.text) for __I$use$fp
    fadd.o(.text) refers (Special) to iusefp.o(.text) for __I$use$fp
    fadd.o(.text) refers to fepilogue.o(.text) for _float_epilogue
    fmul.o(.text) refers (Special) to iusefp.o(.text) for __I$use$fp
    fdiv.o(.text) refers (Special) to iusefp.o(.text) for __I$use$fp
    fdiv.o(.text) refers to fepilogue.o(.text) for _float_round
    ffltui.o(.text) refers (Special) to iusefp.o(.text) for __I$use$fp
    ffltui.o(.text) refers to fepilogue.o(.text) for _float_epilogue
    ffixui.o(.text) refers (Special) to iusefp.o(.text) for __I$use$fp
    f2d.o(.text) refers (Special) to iusefp.o(.text) for __I$use$fp
    entry2.o(.ARM.Collect$$$$00000001) refers to entry2.o(.ARM.Collect$$$$00002712) for __lit__00000000
    entry2.o(.ARM.Collect$$$$00002712) refers to startup_stm32f10x_md.o(STACK) for __initial_sp
    entry2.o(__vectab_stack_and_reset_area) refers to startup_stm32f10x_md.o(STACK) for __initial_sp
    entry2.o(__vectab_stack_and_reset_area) refers to entry.o(.ARM.Collect$$$$00000000) for __main
    entry5.o(.ARM.Collect$$$$00000004) refers to init.o(.text) for __scatterload
    entry9a.o(.ARM.Collect$$$$0000000B) refers to main.o(.text) for main
    entry9b.o(.ARM.Collect$$$$0000000C) refers to main.o(.text) for main
    uldiv.o(.text) refers to llushr.o(.text) for __aeabi_llsr
    uldiv.o(.text) refers to llshl.o(.text) for __aeabi_llsl
    dadd.o(.text) refers to llshl.o(.text) for __aeabi_llsl
    dadd.o(.text) refers to llsshr.o(.text) for __aeabi_lasr
    dadd.o(.text) refers to depilogue.o(.text) for _double_epilogue
    dmul.o(.text) refers to depilogue.o(.text) for _double_epilogue
    ddiv.o(.text) refers to depilogue.o(.text) for _double_round
    dfixul.o(.text) refers to llushr.o(.text) for __aeabi_llsr
    dfixul.o(.text) refers to llshl.o(.text) for __aeabi_llsl
    init.o(.text) refers to entry5.o(.ARM.Collect$$$$00000004) for __main_after_scatterload
    depilogue.o(.text) refers to llshl.o(.text) for __aeabi_llsl
    depilogue.o(.text) refers to llushr.o(.text) for __aeabi_llsr


==============================================================================

Removing Unused input sections from the image.

    Removing sys.o(.text), (12 bytes).
    Removing esp8266.o(.data), (1 bytes).
    Removing core_cm3.o(.emb_text), (32 bytes).
    Removing startup_stm32f10x_md.o(HEAP), (512 bytes).
    Removing stm32f10x_adc.o(.text), (1102 bytes).
    Removing stm32f10x_bkp.o(.text), (196 bytes).
    Removing stm32f10x_can.o(.text), (2540 bytes).
    Removing stm32f10x_cec.o(.text), (288 bytes).
    Removing stm32f10x_crc.o(.text), (72 bytes).
    Removing stm32f10x_dac.o(.text), (396 bytes).
    Removing stm32f10x_dbgmcu.o(.text), (48 bytes).
    Removing stm32f10x_dma.o(.text), (592 bytes).
    Removing stm32f10x_exti.o(.text), (284 bytes).
    Removing stm32f10x_flash.o(.text), (1468 bytes).
    Removing stm32f10x_fsmc.o(.text), (1560 bytes).
    Removing stm32f10x_i2c.o(.text), (1028 bytes).
    Removing stm32f10x_iwdg.o(.text), (64 bytes).
    Removing stm32f10x_pwr.o(.text), (204 bytes).
    Removing stm32f10x_rtc.o(.text), (324 bytes).
    Removing stm32f10x_sdio.o(.text), (472 bytes).
    Removing stm32f10x_spi.o(.text), (780 bytes).
    Removing stm32f10x_tim.o(.text), (3610 bytes).
    Removing stm32f10x_wwdg.o(.text), (136 bytes).

23 unused section(s) (total 15721 bytes) removed from the image.

==============================================================================

Image Symbol Table

    Local Symbols

    Symbol Name                              Value     Ov Type        Size  Object(Section)

    ../clib/../cmprslib/zerorunl2.c          0x00000000   Number         0  __dczerorl2.o ABSOLUTE
    ../clib/microlib/division.c              0x00000000   Number         0  uldiv.o ABSOLUTE
    ../clib/microlib/division.c              0x00000000   Number         0  uidiv.o ABSOLUTE
    ../clib/microlib/init/entry.s            0x00000000   Number         0  entry11b.o ABSOLUTE
    ../clib/microlib/init/entry.s            0x00000000   Number         0  entry9a.o ABSOLUTE
    ../clib/microlib/init/entry.s            0x00000000   Number         0  entry11a.o ABSOLUTE
    ../clib/microlib/init/entry.s            0x00000000   Number         0  entry10b.o ABSOLUTE
    ../clib/microlib/init/entry.s            0x00000000   Number         0  entry9b.o ABSOLUTE
    ../clib/microlib/init/entry.s            0x00000000   Number         0  entry10a.o ABSOLUTE
    ../clib/microlib/init/entry.s            0x00000000   Number         0  entry.o ABSOLUTE
    ../clib/microlib/init/entry.s            0x00000000   Number         0  entry2.o ABSOLUTE
    ../clib/microlib/init/entry.s            0x00000000   Number         0  entry5.o ABSOLUTE
    ../clib/microlib/init/entry.s            0x00000000   Number         0  entry7a.o ABSOLUTE
    ../clib/microlib/init/entry.s            0x00000000   Number         0  entry7b.o ABSOLUTE
    ../clib/microlib/init/entry.s            0x00000000   Number         0  entry8a.o ABSOLUTE
    ../clib/microlib/init/entry.s            0x00000000   Number         0  entry8b.o ABSOLUTE
    ../clib/microlib/longlong.c              0x00000000   Number         0  llushr.o ABSOLUTE
    ../clib/microlib/longlong.c              0x00000000   Number         0  llsshr.o ABSOLUTE
    ../clib/microlib/longlong.c              0x00000000   Number         0  llshl.o ABSOLUTE
    ../clib/microlib/printf/printf.c         0x00000000   Number         0  printf6.o ABSOLUTE
    ../clib/microlib/printf/printf.c         0x00000000   Number         0  printf5.o ABSOLUTE
    ../clib/microlib/printf/printf.c         0x00000000   Number         0  printf4.o ABSOLUTE
    ../clib/microlib/printf/printf.c         0x00000000   Number         0  printf3.o ABSOLUTE
    ../clib/microlib/printf/printf.c         0x00000000   Number         0  printf2.o ABSOLUTE
    ../clib/microlib/printf/printf.c         0x00000000   Number         0  printfb.o ABSOLUTE
    ../clib/microlib/printf/printf.c         0x00000000   Number         0  printf0.o ABSOLUTE
    ../clib/microlib/printf/printf.c         0x00000000   Number         0  printf1.o ABSOLUTE
    ../clib/microlib/printf/printf.c         0x00000000   Number         0  printf7.o ABSOLUTE
    ../clib/microlib/printf/printf.c         0x00000000   Number         0  printf8.o ABSOLUTE
    ../clib/microlib/printf/printf.c         0x00000000   Number         0  printfa.o ABSOLUTE
    ../clib/microlib/printf/stubs.s          0x00000000   Number         0  stubs.o ABSOLUTE
    ../clib/microlib/stdio/streams.c         0x00000000   Number         0  stdout.o ABSOLUTE
    ../clib/microlib/string/memcpy.c         0x00000000   Number         0  memcpya.o ABSOLUTE
    ../clib/microlib/string/memcpy.c         0x00000000   Number         0  memcpyb.o ABSOLUTE
    ../clib/microlib/string/memset.c         0x00000000   Number         0  memseta.o ABSOLUTE
    ../clib/microlib/string/strlen.c         0x00000000   Number         0  strlen.o ABSOLUTE
    ../clib/microlib/string/strstr.c         0x00000000   Number         0  strstr.o ABSOLUTE
    ../clib/microlib/stubs.s                 0x00000000   Number         0  iusefp.o ABSOLUTE
    ../fplib/microlib/f2d.c                  0x00000000   Number         0  f2d.o ABSOLUTE
    ../fplib/microlib/fpadd.c                0x00000000   Number         0  fadd.o ABSOLUTE
    ../fplib/microlib/fpadd.c                0x00000000   Number         0  dadd.o ABSOLUTE
    ../fplib/microlib/fpdiv.c                0x00000000   Number         0  fdiv.o ABSOLUTE
    ../fplib/microlib/fpdiv.c                0x00000000   Number         0  ddiv.o ABSOLUTE
    ../fplib/microlib/fpepilogue.c           0x00000000   Number         0  fepilogue.o ABSOLUTE
    ../fplib/microlib/fpepilogue.c           0x00000000   Number         0  depilogue.o ABSOLUTE
    ../fplib/microlib/fpfix.c                0x00000000   Number         0  ffixui.o ABSOLUTE
    ../fplib/microlib/fpfix.c                0x00000000   Number         0  dfixul.o ABSOLUTE
    ../fplib/microlib/fpflt.c                0x00000000   Number         0  ffltui.o ABSOLUTE
    ../fplib/microlib/fpmul.c                0x00000000   Number         0  dmul.o ABSOLUTE
    ../fplib/microlib/fpmul.c                0x00000000   Number         0  fmul.o ABSOLUTE
    CORE\\core_cm3.c                         0x00000000   Number         0  core_cm3.o ABSOLUTE
    CORE\core_cm3.c                          0x00000000   Number         0  core_cm3.o ABSOLUTE
    CORE\startup_stm32f10x_md.s              0x00000000   Number         0  startup_stm32f10x_md.o ABSOLUTE
    HARDWARE\common.c                        0x00000000   Number         0  common.o ABSOLUTE
    HARDWARE\delay.c                         0x00000000   Number         0  delay.o ABSOLUTE
    HARDWARE\esp8266.c                       0x00000000   Number         0  esp8266.o ABSOLUTE
    HARDWARE\i2c.c                           0x00000000   Number         0  i2c.o ABSOLUTE
    HARDWARE\oled.c                          0x00000000   Number         0  oled.o ABSOLUTE
    HARDWARE\sys.c                           0x00000000   Number         0  sys.o ABSOLUTE
    HARDWARE\usart2.c                        0x00000000   Number         0  usart2.o ABSOLUTE
    STM32F10x_FWLib\src\misc.c               0x00000000   Number         0  misc.o ABSOLUTE
    STM32F10x_FWLib\src\stm32f10x_adc.c      0x00000000   Number         0  stm32f10x_adc.o ABSOLUTE
    STM32F10x_FWLib\src\stm32f10x_bkp.c      0x00000000   Number         0  stm32f10x_bkp.o ABSOLUTE
    STM32F10x_FWLib\src\stm32f10x_can.c      0x00000000   Number         0  stm32f10x_can.o ABSOLUTE
    STM32F10x_FWLib\src\stm32f10x_cec.c      0x00000000   Number         0  stm32f10x_cec.o ABSOLUTE
    STM32F10x_FWLib\src\stm32f10x_crc.c      0x00000000   Number         0  stm32f10x_crc.o ABSOLUTE
    STM32F10x_FWLib\src\stm32f10x_dac.c      0x00000000   Number         0  stm32f10x_dac.o ABSOLUTE
    STM32F10x_FWLib\src\stm32f10x_dbgmcu.c   0x00000000   Number         0  stm32f10x_dbgmcu.o ABSOLUTE
    STM32F10x_FWLib\src\stm32f10x_dma.c      0x00000000   Number         0  stm32f10x_dma.o ABSOLUTE
    STM32F10x_FWLib\src\stm32f10x_exti.c     0x00000000   Number         0  stm32f10x_exti.o ABSOLUTE
    STM32F10x_FWLib\src\stm32f10x_flash.c    0x00000000   Number         0  stm32f10x_flash.o ABSOLUTE
    STM32F10x_FWLib\src\stm32f10x_fsmc.c     0x00000000   Number         0  stm32f10x_fsmc.o ABSOLUTE
    STM32F10x_FWLib\src\stm32f10x_gpio.c     0x00000000   Number         0  stm32f10x_gpio.o ABSOLUTE
    STM32F10x_FWLib\src\stm32f10x_i2c.c      0x00000000   Number         0  stm32f10x_i2c.o ABSOLUTE
    STM32F10x_FWLib\src\stm32f10x_iwdg.c     0x00000000   Number         0  stm32f10x_iwdg.o ABSOLUTE
    STM32F10x_FWLib\src\stm32f10x_pwr.c      0x00000000   Number         0  stm32f10x_pwr.o ABSOLUTE
    STM32F10x_FWLib\src\stm32f10x_rcc.c      0x00000000   Number         0  stm32f10x_rcc.o ABSOLUTE
    STM32F10x_FWLib\src\stm32f10x_rtc.c      0x00000000   Number         0  stm32f10x_rtc.o ABSOLUTE
    STM32F10x_FWLib\src\stm32f10x_sdio.c     0x00000000   Number         0  stm32f10x_sdio.o ABSOLUTE
    STM32F10x_FWLib\src\stm32f10x_spi.c      0x00000000   Number         0  stm32f10x_spi.o ABSOLUTE
    STM32F10x_FWLib\src\stm32f10x_tim.c      0x00000000   Number         0  stm32f10x_tim.o ABSOLUTE
    STM32F10x_FWLib\src\stm32f10x_usart.c    0x00000000   Number         0  stm32f10x_usart.o ABSOLUTE
    STM32F10x_FWLib\src\stm32f10x_wwdg.c     0x00000000   Number         0  stm32f10x_wwdg.o ABSOLUTE
    USER\main.c                              0x00000000   Number         0  main.o ABSOLUTE
    USER\stm32f10x_it.c                      0x00000000   Number         0  stm32f10x_it.o ABSOLUTE
    USER\system_stm32f10x.c                  0x00000000   Number         0  system_stm32f10x.o ABSOLUTE
    cdrcmple.s                               0x00000000   Number         0  cdrcmple.o ABSOLUTE
    dc.s                                     0x00000000   Number         0  dc.o ABSOLUTE
    handlers.s                               0x00000000   Number         0  handlers.o ABSOLUTE
    init.s                                   0x00000000   Number         0  init.o ABSOLUTE
    RESET                                    0x08000000   Section      236  startup_stm32f10x_md.o(RESET)
    .ARM.Collect$$$$00000000                 0x080000ec   Section        0  entry.o(.ARM.Collect$$$$00000000)
    .ARM.Collect$$$$00000001                 0x080000ec   Section        4  entry2.o(.ARM.Collect$$$$00000001)
    .ARM.Collect$$$$00000004                 0x080000f0   Section        4  entry5.o(.ARM.Collect$$$$00000004)
    .ARM.Collect$$$$00000008                 0x080000f4   Section        0  entry7b.o(.ARM.Collect$$$$00000008)
    .ARM.Collect$$$$0000000A                 0x080000f4   Section        0  entry8b.o(.ARM.Collect$$$$0000000A)
    .ARM.Collect$$$$0000000B                 0x080000f4   Section        8  entry9a.o(.ARM.Collect$$$$0000000B)
    .ARM.Collect$$$$0000000D                 0x080000fc   Section        0  entry10a.o(.ARM.Collect$$$$0000000D)
    .ARM.Collect$$$$0000000F                 0x080000fc   Section        0  entry11a.o(.ARM.Collect$$$$0000000F)
    .ARM.Collect$$$$00002712                 0x080000fc   Section        4  entry2.o(.ARM.Collect$$$$00002712)
    __lit__00000000                          0x080000fc   Data           4  entry2.o(.ARM.Collect$$$$00002712)
    .text                                    0x08000100   Section        0  main.o(.text)
    .text                                    0x08000548   Section        0  stm32f10x_it.o(.text)
    .text                                    0x08000564   Section        0  system_stm32f10x.o(.text)
    SetSysClockTo72                          0x08000565   Thumb Code   212  system_stm32f10x.o(.text)
    SetSysClock                              0x08000639   Thumb Code     8  system_stm32f10x.o(.text)
    .text                                    0x08000740   Section        0  oled.o(.text)
    IIC_Start                                0x08000741   Thumb Code    44  oled.o(.text)
    IIC_Stop                                 0x0800076d   Thumb Code    34  oled.o(.text)
    IIC_Wait_Ack                             0x0800078f   Thumb Code    24  oled.o(.text)
    .text                                    0x08000d2c   Section        0  delay.o(.text)
    .text                                    0x08000dfc   Section        0  esp8266.o(.text)
    ESP8266_USART_NVIC_Configuration         0x08000dfd   Thumb Code    40  esp8266.o(.text)
    ESP8266_USART_Config                     0x08000e25   Thumb Code   148  esp8266.o(.text)
    ESP8266_GPIO_Config                      0x08000eb9   Thumb Code    64  esp8266.o(.text)
    .text                                    0x08001870   Section        0  usart2.o(.text)
    .text                                    0x08001a00   Section        0  common.o(.text)
    itoa                                     0x08001a01   Thumb Code    98  common.o(.text)
    .text                                    0x08001b68   Section        0  i2c.o(.text)
    .text                                    0x08001dac   Section       36  startup_stm32f10x_md.o(.text)
    .text                                    0x08001dd0   Section        0  misc.o(.text)
    .text                                    0x08001eac   Section        0  stm32f10x_gpio.o(.text)
    .text                                    0x08002204   Section        0  stm32f10x_rcc.o(.text)
    .text                                    0x080025a8   Section        0  stm32f10x_usart.o(.text)
    .text                                    0x080029b0   Section        0  memcpya.o(.text)
    .text                                    0x080029d4   Section        0  memseta.o(.text)
    .text                                    0x080029f8   Section        0  strstr.o(.text)
    .text                                    0x08002a1c   Section        0  strlen.o(.text)
    .text                                    0x08002a2a   Section        0  fadd.o(.text)
    .text                                    0x08002ada   Section        0  fmul.o(.text)
    .text                                    0x08002b46   Section        0  fdiv.o(.text)
    .text                                    0x08002bc6   Section        0  ffltui.o(.text)
    .text                                    0x08002bd0   Section        0  ffixui.o(.text)
    .text                                    0x08002bf8   Section        0  f2d.o(.text)
    .text                                    0x08002c1e   Section        0  uidiv.o(.text)
    .text                                    0x08002c4a   Section        0  uldiv.o(.text)
    .text                                    0x08002cac   Section        0  fepilogue.o(.text)
    .text                                    0x08002cac   Section        0  iusefp.o(.text)
    .text                                    0x08002d18   Section        0  dadd.o(.text)
    .text                                    0x08002e66   Section        0  dmul.o(.text)
    .text                                    0x08002f4a   Section        0  ddiv.o(.text)
    .text                                    0x08003028   Section        0  dfixul.o(.text)
    .text                                    0x08003058   Section       40  cdrcmple.o(.text)
    .text                                    0x08003080   Section       36  init.o(.text)
    .text                                    0x080030a4   Section        0  llshl.o(.text)
    .text                                    0x080030c2   Section        0  llushr.o(.text)
    .text                                    0x080030e2   Section        0  llsshr.o(.text)
    .text                                    0x08003106   Section        0  depilogue.o(.text)
    .text                                    0x080031c4   Section        0  __dczerorl2.o(.text)
    i.__0printf                              0x08003220   Section        0  printfa.o(i.__0printf)
    i.__0sprintf                             0x08003240   Section        0  printfa.o(i.__0sprintf)
    i.__scatterload_copy                     0x08003268   Section       14  handlers.o(i.__scatterload_copy)
    i.__scatterload_null                     0x08003276   Section        2  handlers.o(i.__scatterload_null)
    i.__scatterload_zeroinit                 0x08003278   Section       14  handlers.o(i.__scatterload_zeroinit)
    i._fp_digits                             0x08003288   Section        0  printfa.o(i._fp_digits)
    _fp_digits                               0x08003289   Thumb Code   326  printfa.o(i._fp_digits)
    i._printf_core                           0x080033e4   Section        0  printfa.o(i._printf_core)
    _printf_core                             0x080033e5   Thumb Code  1762  printfa.o(i._printf_core)
    i._printf_post_padding                   0x08003ad4   Section        0  printfa.o(i._printf_post_padding)
    _printf_post_padding                     0x08003ad5   Thumb Code    38  printfa.o(i._printf_post_padding)
    i._printf_pre_padding                    0x08003afa   Section        0  printfa.o(i._printf_pre_padding)
    _printf_pre_padding                      0x08003afb   Thumb Code    48  printfa.o(i._printf_pre_padding)
    i._sputc                                 0x08003b2a   Section        0  printfa.o(i._sputc)
    _sputc                                   0x08003b2b   Thumb Code    10  printfa.o(i._sputc)
    .constdata                               0x08003b34   Section       16  main.o(.constdata)
    .constdata                               0x08003b44   Section     2072  oled.o(.constdata)
    .data                                    0x20000000   Section       20  system_stm32f10x.o(.data)
    .data                                    0x20000014   Section      384  oled.o(.data)
    .data                                    0x20000194   Section        4  delay.o(.data)
    fac_us                                   0x20000194   Data           1  delay.o(.data)
    fac_ms                                   0x20000196   Data           2  delay.o(.data)
    .data                                    0x20000198   Section        2  usart2.o(.data)
    .data                                    0x2000019a   Section       20  stm32f10x_rcc.o(.data)
    APBAHBPrescTable                         0x2000019a   Data          16  stm32f10x_rcc.o(.data)
    ADCPrescTable                            0x200001aa   Data           4  stm32f10x_rcc.o(.data)
    .data                                    0x200001b0   Section        4  stdout.o(.data)
    .bss                                     0x200001b4   Section     1026  esp8266.o(.bss)
    .bss                                     0x200005b6   Section      256  usart2.o(.bss)
    STACK                                    0x200006b8   Section     1024  startup_stm32f10x_md.o(STACK)

    Global Symbols

    Symbol Name                              Value     Ov Type        Size  Object(Section)

    BuildAttributes$$THM_ISAv4$P$D$K$B$S$PE$A:L22UL41UL21$X:L11$S22US41US21$IEEE1$IW$USESV6$~STKCKD$USESV7$~SHL$OTIME$ROPI$EBA8$MICROLIB$REQ8$PRES8$EABIv2 0x00000000   Number         0  anon$$obj.o ABSOLUTE
    __ARM_use_no_argv                        0x00000000   Number         0  main.o ABSOLUTE
    _printf_a                                0x00000000   Number         0  stubs.o ABSOLUTE
    _printf_c                                0x00000000   Number         0  stubs.o ABSOLUTE
    _printf_charcount                        0x00000000   Number         0  stubs.o ABSOLUTE
    _printf_d                                0x00000000   Number         0  stubs.o ABSOLUTE
    _printf_e                                0x00000000   Number         0  stubs.o ABSOLUTE
    _printf_f                                0x00000000   Number         0  stubs.o ABSOLUTE
    _printf_flags                            0x00000000   Number         0  stubs.o ABSOLUTE
    _printf_fp_dec                           0x00000000   Number         0  stubs.o ABSOLUTE
    _printf_fp_hex                           0x00000000   Number         0  stubs.o ABSOLUTE
    _printf_g                                0x00000000   Number         0  stubs.o ABSOLUTE
    _printf_i                                0x00000000   Number         0  stubs.o ABSOLUTE
    _printf_int_dec                          0x00000000   Number         0  stubs.o ABSOLUTE
    _printf_l                                0x00000000   Number         0  stubs.o ABSOLUTE
    _printf_lc                               0x00000000   Number         0  stubs.o ABSOLUTE
    _printf_ll                               0x00000000   Number         0  stubs.o ABSOLUTE
    _printf_lld                              0x00000000   Number         0  stubs.o ABSOLUTE
    _printf_lli                              0x00000000   Number         0  stubs.o ABSOLUTE
    _printf_llo                              0x00000000   Number         0  stubs.o ABSOLUTE
    _printf_llu                              0x00000000   Number         0  stubs.o ABSOLUTE
    _printf_llx                              0x00000000   Number         0  stubs.o ABSOLUTE
    _printf_longlong_dec                     0x00000000   Number         0  stubs.o ABSOLUTE
    _printf_longlong_hex                     0x00000000   Number         0  stubs.o ABSOLUTE
    _printf_longlong_oct                     0x00000000   Number         0  stubs.o ABSOLUTE
    _printf_ls                               0x00000000   Number         0  stubs.o ABSOLUTE
    _printf_mbtowc                           0x00000000   Number         0  stubs.o ABSOLUTE
    _printf_n                                0x00000000   Number         0  stubs.o ABSOLUTE
    _printf_o                                0x00000000   Number         0  stubs.o ABSOLUTE
    _printf_p                                0x00000000   Number         0  stubs.o ABSOLUTE
    _printf_percent                          0x00000000   Number         0  stubs.o ABSOLUTE
    _printf_pre_padding                      0x00000000   Number         0  stubs.o ABSOLUTE
    _printf_return_value                     0x00000000   Number         0  stubs.o ABSOLUTE
    _printf_s                                0x00000000   Number         0  stubs.o ABSOLUTE
    _printf_sizespec                         0x00000000   Number         0  stubs.o ABSOLUTE
    _printf_str                              0x00000000   Number         0  stubs.o ABSOLUTE
    _printf_truncate_signed                  0x00000000   Number         0  stubs.o ABSOLUTE
    _printf_truncate_unsigned                0x00000000   Number         0  stubs.o ABSOLUTE
    _printf_u                                0x00000000   Number         0  stubs.o ABSOLUTE
    _printf_wc                               0x00000000   Number         0  stubs.o ABSOLUTE
    _printf_wctomb                           0x00000000   Number         0  stubs.o ABSOLUTE
    _printf_widthprec                        0x00000000   Number         0  stubs.o ABSOLUTE
    _printf_x                                0x00000000   Number         0  stubs.o ABSOLUTE
    __cpp_initialize__aeabi_                  - Undefined Weak Reference
    __cxa_finalize                            - Undefined Weak Reference
    _clock_init                               - Undefined Weak Reference
    _microlib_exit                            - Undefined Weak Reference
    __Vectors_Size                           0x000000ec   Number         0  startup_stm32f10x_md.o ABSOLUTE
    __Vectors                                0x08000000   Data           4  startup_stm32f10x_md.o(RESET)
    __Vectors_End                            0x080000ec   Data           0  startup_stm32f10x_md.o(RESET)
    __main                                   0x080000ed   Thumb Code     0  entry.o(.ARM.Collect$$$$00000000)
    _main_stk                                0x080000ed   Thumb Code     0  entry2.o(.ARM.Collect$$$$00000001)
    _main_scatterload                        0x080000f1   Thumb Code     0  entry5.o(.ARM.Collect$$$$00000004)
    __main_after_scatterload                 0x080000f5   Thumb Code     0  entry5.o(.ARM.Collect$$$$00000004)
    _main_clock                              0x080000f5   Thumb Code     0  entry7b.o(.ARM.Collect$$$$00000008)
    _main_cpp_init                           0x080000f5   Thumb Code     0  entry8b.o(.ARM.Collect$$$$0000000A)
    _main_init                               0x080000f5   Thumb Code     0  entry9a.o(.ARM.Collect$$$$0000000B)
    __rt_final_cpp                           0x080000fd   Thumb Code     0  entry10a.o(.ARM.Collect$$$$0000000D)
    __rt_final_exit                          0x080000fd   Thumb Code     0  entry11a.o(.ARM.Collect$$$$0000000F)
    Delay                                    0x08000101   Thumb Code    22  main.o(.text)
    SHT3X_WriteCMD                           0x08000117   Thumb Code    46  main.o(.text)
    SHT3X_SetPeriodicMeasurement             0x08000145   Thumb Code    12  main.o(.text)
    SHT3X_ReadState                          0x08000151   Thumb Code    82  main.o(.text)
    SHX3X_ReadResults                        0x080001a3   Thumb Code   110  main.o(.text)
    SHT3X_CalcCrc                            0x08000211   Thumb Code    58  main.o(.text)
    SHT3X_CheckCrc                           0x0800024b   Thumb Code    30  main.o(.text)
    SHT3X_CalcTemperature                    0x08000269   Thumb Code    50  main.o(.text)
    SHT3X_CalcRH                             0x0800029b   Thumb Code    42  main.o(.text)
    Sensor_Init                              0x080002c5   Thumb Code    24  main.o(.text)
    LED_Init                                 0x080002dd   Thumb Code    38  main.o(.text)
    LED_Toggle                               0x08000303   Thumb Code    34  main.o(.text)
    main                                     0x08000325   Thumb Code   548  main.o(.text)
    NMI_Handler                              0x08000549   Thumb Code     2  stm32f10x_it.o(.text)
    HardFault_Handler                        0x0800054b   Thumb Code     4  stm32f10x_it.o(.text)
    MemManage_Handler                        0x0800054f   Thumb Code     4  stm32f10x_it.o(.text)
    BusFault_Handler                         0x08000553   Thumb Code     4  stm32f10x_it.o(.text)
    UsageFault_Handler                       0x08000557   Thumb Code     4  stm32f10x_it.o(.text)
    SVC_Handler                              0x0800055b   Thumb Code     2  stm32f10x_it.o(.text)
    DebugMon_Handler                         0x0800055d   Thumb Code     2  stm32f10x_it.o(.text)
    PendSV_Handler                           0x0800055f   Thumb Code     2  stm32f10x_it.o(.text)
    SysTick_Handler                          0x08000561   Thumb Code     2  stm32f10x_it.o(.text)
    SystemInit                               0x08000641   Thumb Code    78  system_stm32f10x.o(.text)
    SystemCoreClockUpdate                    0x0800068f   Thumb Code   142  system_stm32f10x.o(.text)
    Write_IIC_Byte                           0x080007a7   Thumb Code    88  oled.o(.text)
    Write_IIC_Command                        0x080007ff   Thumb Code    44  oled.o(.text)
    Write_IIC_Data                           0x0800082b   Thumb Code    44  oled.o(.text)
    OLED_WR_Byte                             0x08000857   Thumb Code    24  oled.o(.text)
    fill_picture                             0x0800086f   Thumb Code    64  oled.o(.text)
    Delay_50ms                               0x080008af   Thumb Code    22  oled.o(.text)
    Delay_1ms                                0x080008c5   Thumb Code    26  oled.o(.text)
    OLED_Set_Pos                             0x080008df   Thumb Code    40  oled.o(.text)
    OLED_Display_On                          0x08000907   Thumb Code    28  oled.o(.text)
    OLED_Display_Off                         0x08000923   Thumb Code    28  oled.o(.text)
    OLED_Clear                               0x0800093f   Thumb Code    62  oled.o(.text)
    OLED_On                                  0x0800097d   Thumb Code    62  oled.o(.text)
    OLED_ShowChar                            0x080009bb   Thumb Code   154  oled.o(.text)
    oled_pow                                 0x08000a55   Thumb Code    22  oled.o(.text)
    OLED_ShowNum                             0x08000a6b   Thumb Code   136  oled.o(.text)
    OLED_ShowString                          0x08000af3   Thumb Code    70  oled.o(.text)
    OLED_ShowCHinese                         0x08000b39   Thumb Code    98  oled.o(.text)
    OLED_DrawBMP                             0x08000b9b   Thumb Code   118  oled.o(.text)
    OLED_Init                                0x08000c11   Thumb Code   274  oled.o(.text)
    Delay_Init                               0x08000d2d   Thumb Code    50  delay.o(.text)
    delay_us                                 0x08000d5f   Thumb Code    70  delay.o(.text)
    delay_ms                                 0x08000da5   Thumb Code    70  delay.o(.text)
    ESP8266_Init                             0x08000ef9   Thumb Code    32  esp8266.o(.text)
    ESP8266_Cmd                              0x08000f19   Thumb Code   164  esp8266.o(.text)
    ESP8266_Rst                              0x08000fbd   Thumb Code    18  esp8266.o(.text)
    ESP8266_AT_Test                          0x08000fcf   Thumb Code    48  esp8266.o(.text)
    ESP8266_Net_Mode_Choose                  0x08000fff   Thumb Code    68  esp8266.o(.text)
    ESP8266_JoinAP                           0x08001043   Thumb Code    38  esp8266.o(.text)
    ESP8266_BuildAP                          0x08001069   Thumb Code    42  esp8266.o(.text)
    ESP8266_Enable_MultipleId                0x08001093   Thumb Code    42  esp8266.o(.text)
    ESP8266_Link_Server                      0x080010bd   Thumb Code   110  esp8266.o(.text)
    ESP8266_StartOrShutServer                0x0800112b   Thumb Code   104  esp8266.o(.text)
    ESP8266_Get_LinkStatus                   0x08001193   Thumb Code    64  esp8266.o(.text)
    ESP8266_Get_IdLinkStatus                 0x080011d3   Thumb Code   514  esp8266.o(.text)
    ESP8266_Inquire_ApIp                     0x080013d5   Thumb Code    80  esp8266.o(.text)
    ESP8266_UnvarnishSend                    0x08001425   Thumb Code    42  esp8266.o(.text)
    ESP8266_ExitUnvarnishSend                0x0800144f   Thumb Code    28  esp8266.o(.text)
    ESP8266_SendString                       0x0800146b   Thumb Code   104  esp8266.o(.text)
    ESP8266_ReceiveString                    0x080014d3   Thumb Code    86  esp8266.o(.text)
    ESP8266_StaTcpClient_UnvarnishTest       0x08001529   Thumb Code    80  esp8266.o(.text)
    ESP8266_StaTcpServer_UnvarnishTest       0x08001579   Thumb Code   102  esp8266.o(.text)
    Esp8266_Str2Hex                          0x080015df   Thumb Code   122  esp8266.o(.text)
    Esp8266_Hex2Str                          0x08001659   Thumb Code    56  esp8266.o(.text)
    USART3_IRQHandler                        0x08001691   Thumb Code   136  esp8266.o(.text)
    fputc                                    0x08001871   Thumb Code    22  usart2.o(.text)
    USART2_Init                              0x08001887   Thumb Code   168  usart2.o(.text)
    USART2_putChar                           0x0800192f   Thumb Code    28  usart2.o(.text)
    USART2_putString                         0x0800194b   Thumb Code    24  usart2.o(.text)
    USART_Putchar                            0x08001963   Thumb Code    20  usart2.o(.text)
    Send_USART_String                        0x08001977   Thumb Code    22  usart2.o(.text)
    USART2_IRQHandler                        0x0800198d   Thumb Code    96  usart2.o(.text)
    USART_printf                             0x08001a63   Thumb Code   262  common.o(.text)
    IIC_Delay                                0x08001b69   Thumb Code    10  i2c.o(.text)
    IIC_Init                                 0x08001b73   Thumb Code    46  i2c.o(.text)
    IIC_Start                                0x08001ba1   Thumb Code    60  i2c.o(.text)
    IIC_Stop                                 0x08001bdd   Thumb Code    58  i2c.o(.text)
    IIC_Wait_Ack                             0x08001c17   Thumb Code    82  i2c.o(.text)
    IIC_Ack                                  0x08001c69   Thumb Code    64  i2c.o(.text)
    IIC_NAck                                 0x08001ca9   Thumb Code    64  i2c.o(.text)
    IIC_Send_Byte                            0x08001ce9   Thumb Code    84  i2c.o(.text)
    IIC_Read_Byte                            0x08001d3d   Thumb Code    92  i2c.o(.text)
    Reset_Handler                            0x08001dad   Thumb Code     8  startup_stm32f10x_md.o(.text)
    ADC1_2_IRQHandler                        0x08001dc7   Thumb Code     0  startup_stm32f10x_md.o(.text)
    CAN1_RX1_IRQHandler                      0x08001dc7   Thumb Code     0  startup_stm32f10x_md.o(.text)
    CAN1_SCE_IRQHandler                      0x08001dc7   Thumb Code     0  startup_stm32f10x_md.o(.text)
    DMA1_Channel1_IRQHandler                 0x08001dc7   Thumb Code     0  startup_stm32f10x_md.o(.text)
    DMA1_Channel2_IRQHandler                 0x08001dc7   Thumb Code     0  startup_stm32f10x_md.o(.text)
    DMA1_Channel3_IRQHandler                 0x08001dc7   Thumb Code     0  startup_stm32f10x_md.o(.text)
    DMA1_Channel4_IRQHandler                 0x08001dc7   Thumb Code     0  startup_stm32f10x_md.o(.text)
    DMA1_Channel5_IRQHandler                 0x08001dc7   Thumb Code     0  startup_stm32f10x_md.o(.text)
    DMA1_Channel6_IRQHandler                 0x08001dc7   Thumb Code     0  startup_stm32f10x_md.o(.text)
    DMA1_Channel7_IRQHandler                 0x08001dc7   Thumb Code     0  startup_stm32f10x_md.o(.text)
    EXTI0_IRQHandler                         0x08001dc7   Thumb Code     0  startup_stm32f10x_md.o(.text)
    EXTI15_10_IRQHandler                     0x08001dc7   Thumb Code     0  startup_stm32f10x_md.o(.text)
    EXTI1_IRQHandler                         0x08001dc7   Thumb Code     0  startup_stm32f10x_md.o(.text)
    EXTI2_IRQHandler                         0x08001dc7   Thumb Code     0  startup_stm32f10x_md.o(.text)
    EXTI3_IRQHandler                         0x08001dc7   Thumb Code     0  startup_stm32f10x_md.o(.text)
    EXTI4_IRQHandler                         0x08001dc7   Thumb Code     0  startup_stm32f10x_md.o(.text)
    EXTI9_5_IRQHandler                       0x08001dc7   Thumb Code     0  startup_stm32f10x_md.o(.text)
    FLASH_IRQHandler                         0x08001dc7   Thumb Code     0  startup_stm32f10x_md.o(.text)
    I2C1_ER_IRQHandler                       0x08001dc7   Thumb Code     0  startup_stm32f10x_md.o(.text)
    I2C1_EV_IRQHandler                       0x08001dc7   Thumb Code     0  startup_stm32f10x_md.o(.text)
    I2C2_ER_IRQHandler                       0x08001dc7   Thumb Code     0  startup_stm32f10x_md.o(.text)
    I2C2_EV_IRQHandler                       0x08001dc7   Thumb Code     0  startup_stm32f10x_md.o(.text)
    PVD_IRQHandler                           0x08001dc7   Thumb Code     0  startup_stm32f10x_md.o(.text)
    RCC_IRQHandler                           0x08001dc7   Thumb Code     0  startup_stm32f10x_md.o(.text)
    RTCAlarm_IRQHandler                      0x08001dc7   Thumb Code     0  startup_stm32f10x_md.o(.text)
    RTC_IRQHandler                           0x08001dc7   Thumb Code     0  startup_stm32f10x_md.o(.text)
    SPI1_IRQHandler                          0x08001dc7   Thumb Code     0  startup_stm32f10x_md.o(.text)
    SPI2_IRQHandler                          0x08001dc7   Thumb Code     0  startup_stm32f10x_md.o(.text)
    TAMPER_IRQHandler                        0x08001dc7   Thumb Code     0  startup_stm32f10x_md.o(.text)
    TIM1_BRK_IRQHandler                      0x08001dc7   Thumb Code     0  startup_stm32f10x_md.o(.text)
    TIM1_CC_IRQHandler                       0x08001dc7   Thumb Code     0  startup_stm32f10x_md.o(.text)
    TIM1_TRG_COM_IRQHandler                  0x08001dc7   Thumb Code     0  startup_stm32f10x_md.o(.text)
    TIM1_UP_IRQHandler                       0x08001dc7   Thumb Code     0  startup_stm32f10x_md.o(.text)
    TIM2_IRQHandler                          0x08001dc7   Thumb Code     0  startup_stm32f10x_md.o(.text)
    TIM3_IRQHandler                          0x08001dc7   Thumb Code     0  startup_stm32f10x_md.o(.text)
    TIM4_IRQHandler                          0x08001dc7   Thumb Code     0  startup_stm32f10x_md.o(.text)
    USART1_IRQHandler                        0x08001dc7   Thumb Code     0  startup_stm32f10x_md.o(.text)
    USBWakeUp_IRQHandler                     0x08001dc7   Thumb Code     0  startup_stm32f10x_md.o(.text)
    USB_HP_CAN1_TX_IRQHandler                0x08001dc7   Thumb Code     0  startup_stm32f10x_md.o(.text)
    USB_LP_CAN1_RX0_IRQHandler               0x08001dc7   Thumb Code     0  startup_stm32f10x_md.o(.text)
    WWDG_IRQHandler                          0x08001dc7   Thumb Code     0  startup_stm32f10x_md.o(.text)
    NVIC_PriorityGroupConfig                 0x08001dd1   Thumb Code    10  misc.o(.text)
    NVIC_Init                                0x08001ddb   Thumb Code   102  misc.o(.text)
    NVIC_SetVectorTable                      0x08001e41   Thumb Code    14  misc.o(.text)
    NVIC_SystemLPConfig                      0x08001e4f   Thumb Code    34  misc.o(.text)
    SysTick_CLKSourceConfig                  0x08001e71   Thumb Code    40  misc.o(.text)
    GPIO_DeInit                              0x08001ead   Thumb Code   172  stm32f10x_gpio.o(.text)
    GPIO_AFIODeInit                          0x08001f59   Thumb Code    20  stm32f10x_gpio.o(.text)
    GPIO_Init                                0x08001f6d   Thumb Code   274  stm32f10x_gpio.o(.text)
    GPIO_StructInit                          0x0800207f   Thumb Code    16  stm32f10x_gpio.o(.text)
    GPIO_ReadInputDataBit                    0x0800208f   Thumb Code    18  stm32f10x_gpio.o(.text)
    GPIO_ReadInputData                       0x080020a1   Thumb Code     8  stm32f10x_gpio.o(.text)
    GPIO_ReadOutputDataBit                   0x080020a9   Thumb Code    18  stm32f10x_gpio.o(.text)
    GPIO_ReadOutputData                      0x080020bb   Thumb Code     8  stm32f10x_gpio.o(.text)
    GPIO_SetBits                             0x080020c3   Thumb Code     4  stm32f10x_gpio.o(.text)
    GPIO_ResetBits                           0x080020c7   Thumb Code     4  stm32f10x_gpio.o(.text)
    GPIO_WriteBit                            0x080020cb   Thumb Code    10  stm32f10x_gpio.o(.text)
    GPIO_Write                               0x080020d5   Thumb Code     4  stm32f10x_gpio.o(.text)
    GPIO_PinLockConfig                       0x080020d9   Thumb Code    18  stm32f10x_gpio.o(.text)
    GPIO_EventOutputConfig                   0x080020eb   Thumb Code    26  stm32f10x_gpio.o(.text)
    GPIO_EventOutputCmd                      0x08002105   Thumb Code     6  stm32f10x_gpio.o(.text)
    GPIO_PinRemapConfig                      0x0800210b   Thumb Code   138  stm32f10x_gpio.o(.text)
    GPIO_EXTILineConfig                      0x08002195   Thumb Code    66  stm32f10x_gpio.o(.text)
    GPIO_ETH_MediaInterfaceConfig            0x080021d7   Thumb Code     6  stm32f10x_gpio.o(.text)
    RCC_DeInit                               0x08002205   Thumb Code    64  stm32f10x_rcc.o(.text)
    RCC_HSEConfig                            0x08002245   Thumb Code    70  stm32f10x_rcc.o(.text)
    RCC_GetFlagStatus                        0x0800228b   Thumb Code    56  stm32f10x_rcc.o(.text)
    RCC_WaitForHSEStartUp                    0x080022c3   Thumb Code    56  stm32f10x_rcc.o(.text)
    RCC_AdjustHSICalibrationValue            0x080022fb   Thumb Code    20  stm32f10x_rcc.o(.text)
    RCC_HSICmd                               0x0800230f   Thumb Code     6  stm32f10x_rcc.o(.text)
    RCC_PLLConfig                            0x08002315   Thumb Code    24  stm32f10x_rcc.o(.text)
    RCC_PLLCmd                               0x0800232d   Thumb Code     6  stm32f10x_rcc.o(.text)
    RCC_SYSCLKConfig                         0x08002333   Thumb Code    18  stm32f10x_rcc.o(.text)
    RCC_GetSYSCLKSource                      0x08002345   Thumb Code    10  stm32f10x_rcc.o(.text)
    RCC_HCLKConfig                           0x0800234f   Thumb Code    18  stm32f10x_rcc.o(.text)
    RCC_PCLK1Config                          0x08002361   Thumb Code    18  stm32f10x_rcc.o(.text)
    RCC_PCLK2Config                          0x08002373   Thumb Code    20  stm32f10x_rcc.o(.text)
    RCC_ITConfig                             0x08002387   Thumb Code    26  stm32f10x_rcc.o(.text)
    RCC_USBCLKConfig                         0x080023a1   Thumb Code     6  stm32f10x_rcc.o(.text)
    RCC_ADCCLKConfig                         0x080023a7   Thumb Code    18  stm32f10x_rcc.o(.text)
    RCC_LSEConfig                            0x080023b9   Thumb Code    44  stm32f10x_rcc.o(.text)
    RCC_LSICmd                               0x080023e5   Thumb Code     6  stm32f10x_rcc.o(.text)
    RCC_RTCCLKConfig                         0x080023eb   Thumb Code    12  stm32f10x_rcc.o(.text)
    RCC_RTCCLKCmd                            0x080023f7   Thumb Code     8  stm32f10x_rcc.o(.text)
    RCC_GetClocksFreq                        0x080023ff   Thumb Code   192  stm32f10x_rcc.o(.text)
    RCC_AHBPeriphClockCmd                    0x080024bf   Thumb Code    26  stm32f10x_rcc.o(.text)
    RCC_APB2PeriphClockCmd                   0x080024d9   Thumb Code    26  stm32f10x_rcc.o(.text)
    RCC_APB1PeriphClockCmd                   0x080024f3   Thumb Code    26  stm32f10x_rcc.o(.text)
    RCC_APB2PeriphResetCmd                   0x0800250d   Thumb Code    26  stm32f10x_rcc.o(.text)
    RCC_APB1PeriphResetCmd                   0x08002527   Thumb Code    26  stm32f10x_rcc.o(.text)
    RCC_BackupResetCmd                       0x08002541   Thumb Code     8  stm32f10x_rcc.o(.text)
    RCC_ClockSecuritySystemCmd               0x08002549   Thumb Code     6  stm32f10x_rcc.o(.text)
    RCC_MCOConfig                            0x0800254f   Thumb Code     6  stm32f10x_rcc.o(.text)
    RCC_ClearFlag                            0x08002555   Thumb Code    14  stm32f10x_rcc.o(.text)
    RCC_GetITStatus                          0x08002563   Thumb Code    20  stm32f10x_rcc.o(.text)
    RCC_ClearITPendingBit                    0x08002577   Thumb Code     6  stm32f10x_rcc.o(.text)
    USART_DeInit                             0x080025a9   Thumb Code   134  stm32f10x_usart.o(.text)
    USART_Init                               0x0800262f   Thumb Code   210  stm32f10x_usart.o(.text)
    USART_StructInit                         0x08002701   Thumb Code    24  stm32f10x_usart.o(.text)
    USART_ClockInit                          0x08002719   Thumb Code    34  stm32f10x_usart.o(.text)
    USART_ClockStructInit                    0x0800273b   Thumb Code    12  stm32f10x_usart.o(.text)
    USART_Cmd                                0x08002747   Thumb Code    24  stm32f10x_usart.o(.text)
    USART_ITConfig                           0x0800275f   Thumb Code    74  stm32f10x_usart.o(.text)
    USART_DMACmd                             0x080027a9   Thumb Code    18  stm32f10x_usart.o(.text)
    USART_SetAddress                         0x080027bb   Thumb Code    18  stm32f10x_usart.o(.text)
    USART_WakeUpConfig                       0x080027cd   Thumb Code    18  stm32f10x_usart.o(.text)
    USART_ReceiverWakeUpCmd                  0x080027df   Thumb Code    24  stm32f10x_usart.o(.text)
    USART_LINBreakDetectLengthConfig         0x080027f7   Thumb Code    18  stm32f10x_usart.o(.text)
    USART_LINCmd                             0x08002809   Thumb Code    24  stm32f10x_usart.o(.text)
    USART_SendData                           0x08002821   Thumb Code     8  stm32f10x_usart.o(.text)
    USART_ReceiveData                        0x08002829   Thumb Code    10  stm32f10x_usart.o(.text)
    USART_SendBreak                          0x08002833   Thumb Code    10  stm32f10x_usart.o(.text)
    USART_SetGuardTime                       0x0800283d   Thumb Code    16  stm32f10x_usart.o(.text)
    USART_SetPrescaler                       0x0800284d   Thumb Code    16  stm32f10x_usart.o(.text)
    USART_SmartCardCmd                       0x0800285d   Thumb Code    24  stm32f10x_usart.o(.text)
    USART_SmartCardNACKCmd                   0x08002875   Thumb Code    24  stm32f10x_usart.o(.text)
    USART_HalfDuplexCmd                      0x0800288d   Thumb Code    24  stm32f10x_usart.o(.text)
    USART_OverSampling8Cmd                   0x080028a5   Thumb Code    22  stm32f10x_usart.o(.text)
    USART_OneBitMethodCmd                    0x080028bb   Thumb Code    24  stm32f10x_usart.o(.text)
    USART_IrDAConfig                         0x080028d3   Thumb Code    18  stm32f10x_usart.o(.text)
    USART_IrDACmd                            0x080028e5   Thumb Code    24  stm32f10x_usart.o(.text)
    USART_GetFlagStatus                      0x080028fd   Thumb Code    26  stm32f10x_usart.o(.text)
    USART_ClearFlag                          0x08002917   Thumb Code    18  stm32f10x_usart.o(.text)
    USART_GetITStatus                        0x08002929   Thumb Code    84  stm32f10x_usart.o(.text)
    USART_ClearITPendingBit                  0x0800297d   Thumb Code    52  stm32f10x_usart.o(.text)
    __aeabi_memcpy                           0x080029b1   Thumb Code    36  memcpya.o(.text)
    __aeabi_memcpy4                          0x080029b1   Thumb Code     0  memcpya.o(.text)
    __aeabi_memcpy8                          0x080029b1   Thumb Code     0  memcpya.o(.text)
    __aeabi_memset                           0x080029d5   Thumb Code    14  memseta.o(.text)
    __aeabi_memset4                          0x080029d5   Thumb Code     0  memseta.o(.text)
    __aeabi_memset8                          0x080029d5   Thumb Code     0  memseta.o(.text)
    __aeabi_memclr                           0x080029e3   Thumb Code     4  memseta.o(.text)
    __aeabi_memclr4                          0x080029e3   Thumb Code     0  memseta.o(.text)
    __aeabi_memclr8                          0x080029e3   Thumb Code     0  memseta.o(.text)
    _memset$wrapper                          0x080029e7   Thumb Code    18  memseta.o(.text)
    strstr                                   0x080029f9   Thumb Code    36  strstr.o(.text)
    strlen                                   0x08002a1d   Thumb Code    14  strlen.o(.text)
    __aeabi_fadd                             0x08002a2b   Thumb Code   164  fadd.o(.text)
    __aeabi_fsub                             0x08002acf   Thumb Code     6  fadd.o(.text)
    __aeabi_frsub                            0x08002ad5   Thumb Code     6  fadd.o(.text)
    __aeabi_fmul                             0x08002adb   Thumb Code   108  fmul.o(.text)
    __aeabi_fdiv                             0x08002b47   Thumb Code   128  fdiv.o(.text)
    __aeabi_ui2f                             0x08002bc7   Thumb Code    10  ffltui.o(.text)
    __aeabi_f2uiz                            0x08002bd1   Thumb Code    40  ffixui.o(.text)
    __aeabi_f2d                              0x08002bf9   Thumb Code    38  f2d.o(.text)
    __aeabi_uidiv                            0x08002c1f   Thumb Code     0  uidiv.o(.text)
    __aeabi_uidivmod                         0x08002c1f   Thumb Code    44  uidiv.o(.text)
    __aeabi_uldivmod                         0x08002c4b   Thumb Code    98  uldiv.o(.text)
    __I$use$fp                               0x08002cad   Thumb Code     0  iusefp.o(.text)
    _float_round                             0x08002cad   Thumb Code    18  fepilogue.o(.text)
    _float_epilogue                          0x08002cbf   Thumb Code    90  fepilogue.o(.text)
    __aeabi_dadd                             0x08002d19   Thumb Code   322  dadd.o(.text)
    __aeabi_dsub                             0x08002e5b   Thumb Code     6  dadd.o(.text)
    __aeabi_drsub                            0x08002e61   Thumb Code     6  dadd.o(.text)
    __aeabi_dmul                             0x08002e67   Thumb Code   228  dmul.o(.text)
    __aeabi_ddiv                             0x08002f4b   Thumb Code   222  ddiv.o(.text)
    __aeabi_d2ulz                            0x08003029   Thumb Code    48  dfixul.o(.text)
    __aeabi_cdrcmple                         0x08003059   Thumb Code    38  cdrcmple.o(.text)
    __scatterload                            0x08003081   Thumb Code    28  init.o(.text)
    __scatterload_rt2                        0x08003081   Thumb Code     0  init.o(.text)
    __aeabi_llsl                             0x080030a5   Thumb Code    30  llshl.o(.text)
    _ll_shift_l                              0x080030a5   Thumb Code     0  llshl.o(.text)
    __aeabi_llsr                             0x080030c3   Thumb Code    32  llushr.o(.text)
    _ll_ushift_r                             0x080030c3   Thumb Code     0  llushr.o(.text)
    __aeabi_lasr                             0x080030e3   Thumb Code    36  llsshr.o(.text)
    _ll_sshift_r                             0x080030e3   Thumb Code     0  llsshr.o(.text)
    _double_round                            0x08003107   Thumb Code    26  depilogue.o(.text)
    _double_epilogue                         0x08003121   Thumb Code   164  depilogue.o(.text)
    __decompress                             0x080031c5   Thumb Code     0  __dczerorl2.o(.text)
    __decompress1                            0x080031c5   Thumb Code    92  __dczerorl2.o(.text)
    __0printf                                0x08003221   Thumb Code    22  printfa.o(i.__0printf)
    __1printf                                0x08003221   Thumb Code     0  printfa.o(i.__0printf)
    __2printf                                0x08003221   Thumb Code     0  printfa.o(i.__0printf)
    __c89printf                              0x08003221   Thumb Code     0  printfa.o(i.__0printf)
    printf                                   0x08003221   Thumb Code     0  printfa.o(i.__0printf)
    __0sprintf                               0x08003241   Thumb Code    34  printfa.o(i.__0sprintf)
    __1sprintf                               0x08003241   Thumb Code     0  printfa.o(i.__0sprintf)
    __2sprintf                               0x08003241   Thumb Code     0  printfa.o(i.__0sprintf)
    __c89sprintf                             0x08003241   Thumb Code     0  printfa.o(i.__0sprintf)
    sprintf                                  0x08003241   Thumb Code     0  printfa.o(i.__0sprintf)
    __scatterload_copy                       0x08003269   Thumb Code    14  handlers.o(i.__scatterload_copy)
    __scatterload_null                       0x08003277   Thumb Code     2  handlers.o(i.__scatterload_null)
    __scatterload_zeroinit                   0x08003279   Thumb Code    14  handlers.o(i.__scatterload_zeroinit)
    F6x8                                     0x08003b44   Data         552  oled.o(.constdata)
    F8X16                                    0x08003d6c   Data        1520  oled.o(.constdata)
    Region$$Table$$Base                      0x0800435c   Number         0  anon$$obj.o(Region$$Table)
    Region$$Table$$Limit                     0x0800437c   Number         0  anon$$obj.o(Region$$Table)
    SystemCoreClock                          0x20000000   Data           4  system_stm32f10x.o(.data)
    AHBPrescTable                            0x20000004   Data          16  system_stm32f10x.o(.data)
    Hzk                                      0x20000014   Data         384  oled.o(.data)
    USART2_RX_LEN                            0x20000198   Data           1  usart2.o(.data)
    USART2_TimerOut                          0x20000199   Data           1  usart2.o(.data)
    __stdout                                 0x200001b0   Data           4  stdout.o(.data)
    strEsp8266_Fram_Record                   0x200001b4   Data        1026  esp8266.o(.bss)
    USART2_RX_BUF                            0x200005b6   Data         256  usart2.o(.bss)
    __initial_sp                             0x20000ab8   Data           0  startup_stm32f10x_md.o(STACK)



==============================================================================

Memory Map of the image

  Image Entry point : 0x08001dad

  Load Region LR_1 (Base: 0x08000000, Size: 0x00004530, Max: 0xffffffff, ABSOLUTE, COMPRESSED[0x0000443c])

    Execution Region ER_RO (Base: 0x08000000, Size: 0x0000437c, Max: 0xffffffff, ABSOLUTE)

    Base Addr    Size         Type   Attr      Idx    E Section Name        Object

    0x08000000   0x000000ec   Data   RO          455    RESET               startup_stm32f10x_md.o
    0x080000ec   0x00000000   Code   RO          738  * .ARM.Collect$$$$00000000  mc_w.l(entry.o)
    0x080000ec   0x00000004   Code   RO         1024    .ARM.Collect$$$$00000001  mc_w.l(entry2.o)
    0x080000f0   0x00000004   Code   RO         1027    .ARM.Collect$$$$00000004  mc_w.l(entry5.o)
    0x080000f4   0x00000000   Code   RO         1029    .ARM.Collect$$$$00000008  mc_w.l(entry7b.o)
    0x080000f4   0x00000000   Code   RO         1031    .ARM.Collect$$$$0000000A  mc_w.l(entry8b.o)
    0x080000f4   0x00000008   Code   RO         1032    .ARM.Collect$$$$0000000B  mc_w.l(entry9a.o)
    0x080000fc   0x00000000   Code   RO         1034    .ARM.Collect$$$$0000000D  mc_w.l(entry10a.o)
    0x080000fc   0x00000000   Code   RO         1036    .ARM.Collect$$$$0000000F  mc_w.l(entry11a.o)
    0x080000fc   0x00000004   Code   RO         1025    .ARM.Collect$$$$00002712  mc_w.l(entry2.o)
    0x08000100   0x00000448   Code   RO            1    .text               main.o
    0x08000548   0x0000001a   Code   RO          135    .text               stm32f10x_it.o
    0x08000562   0x00000002   PAD
    0x08000564   0x000001dc   Code   RO          233    .text               system_stm32f10x.o
    0x08000740   0x000005ec   Code   RO          251    .text               oled.o
    0x08000d2c   0x000000d0   Code   RO          305    .text               delay.o
    0x08000dfc   0x00000a74   Code   RO          331    .text               esp8266.o
    0x08001870   0x00000190   Code   RO          361    .text               usart2.o
    0x08001a00   0x00000168   Code   RO          409    .text               common.o
    0x08001b68   0x00000244   Code   RO          424    .text               i2c.o
    0x08001dac   0x00000024   Code   RO          456  * .text               startup_stm32f10x_md.o
    0x08001dd0   0x000000dc   Code   RO          460    .text               misc.o
    0x08001eac   0x00000358   Code   RO          604    .text               stm32f10x_gpio.o
    0x08002204   0x000003a4   Code   RO          652    .text               stm32f10x_rcc.o
    0x080025a8   0x00000408   Code   RO          714    .text               stm32f10x_usart.o
    0x080029b0   0x00000024   Code   RO          741    .text               mc_w.l(memcpya.o)
    0x080029d4   0x00000024   Code   RO          743    .text               mc_w.l(memseta.o)
    0x080029f8   0x00000024   Code   RO          745    .text               mc_w.l(strstr.o)
    0x08002a1c   0x0000000e   Code   RO          747    .text               mc_w.l(strlen.o)
    0x08002a2a   0x000000b0   Code   RO         1012    .text               mf_w.l(fadd.o)
    0x08002ada   0x0000006c   Code   RO         1014    .text               mf_w.l(fmul.o)
    0x08002b46   0x00000080   Code   RO         1016    .text               mf_w.l(fdiv.o)
    0x08002bc6   0x0000000a   Code   RO         1018    .text               mf_w.l(ffltui.o)
    0x08002bd0   0x00000028   Code   RO         1020    .text               mf_w.l(ffixui.o)
    0x08002bf8   0x00000026   Code   RO         1022    .text               mf_w.l(f2d.o)
    0x08002c1e   0x0000002c   Code   RO         1039    .text               mc_w.l(uidiv.o)
    0x08002c4a   0x00000062   Code   RO         1041    .text               mc_w.l(uldiv.o)
    0x08002cac   0x00000000   Code   RO         1043    .text               mc_w.l(iusefp.o)
    0x08002cac   0x0000006c   Code   RO         1044    .text               mf_w.l(fepilogue.o)
    0x08002d18   0x0000014e   Code   RO         1046    .text               mf_w.l(dadd.o)
    0x08002e66   0x000000e4   Code   RO         1048    .text               mf_w.l(dmul.o)
    0x08002f4a   0x000000de   Code   RO         1050    .text               mf_w.l(ddiv.o)
    0x08003028   0x00000030   Code   RO         1052    .text               mf_w.l(dfixul.o)
    0x08003058   0x00000028   Code   RO         1054    .text               mf_w.l(cdrcmple.o)
    0x08003080   0x00000024   Code   RO         1056    .text               mc_w.l(init.o)
    0x080030a4   0x0000001e   Code   RO         1058    .text               mc_w.l(llshl.o)
    0x080030c2   0x00000020   Code   RO         1060    .text               mc_w.l(llushr.o)
    0x080030e2   0x00000024   Code   RO         1062    .text               mc_w.l(llsshr.o)
    0x08003106   0x000000be   Code   RO         1064    .text               mf_w.l(depilogue.o)
    0x080031c4   0x0000005c   Code   RO         1074    .text               mc_w.l(__dczerorl2.o)
    0x08003220   0x00000020   Code   RO          984    i.__0printf         mc_w.l(printfa.o)
    0x08003240   0x00000028   Code   RO          986    i.__0sprintf        mc_w.l(printfa.o)
    0x08003268   0x0000000e   Code   RO         1068    i.__scatterload_copy  mc_w.l(handlers.o)
    0x08003276   0x00000002   Code   RO         1069    i.__scatterload_null  mc_w.l(handlers.o)
    0x08003278   0x0000000e   Code   RO         1070    i.__scatterload_zeroinit  mc_w.l(handlers.o)
    0x08003286   0x00000002   PAD
    0x08003288   0x0000015c   Code   RO          991    i._fp_digits        mc_w.l(printfa.o)
    0x080033e4   0x000006f0   Code   RO          992    i._printf_core      mc_w.l(printfa.o)
    0x08003ad4   0x00000026   Code   RO          993    i._printf_post_padding  mc_w.l(printfa.o)
    0x08003afa   0x00000030   Code   RO          994    i._printf_pre_padding  mc_w.l(printfa.o)
    0x08003b2a   0x0000000a   Code   RO          996    i._sputc            mc_w.l(printfa.o)
    0x08003b34   0x00000010   Data   RO            2    .constdata          main.o
    0x08003b44   0x00000818   Data   RO          252    .constdata          oled.o
    0x0800435c   0x00000020   Data   RO         1066    Region$$Table       anon$$obj.o


    Execution Region ER_RW (Base: 0x20000000, Size: 0x000001b4, Max: 0xffffffff, ABSOLUTE, COMPRESSED[0x000000c0])

    Base Addr    Size         Type   Attr      Idx    E Section Name        Object

    0x20000000   0x00000014   Data   RW          234    .data               system_stm32f10x.o
    0x20000014   0x00000180   Data   RW          253    .data               oled.o
    0x20000194   0x00000004   Data   RW          306    .data               delay.o
    0x20000198   0x00000002   Data   RW          363    .data               usart2.o
    0x2000019a   0x00000014   Data   RW          653    .data               stm32f10x_rcc.o
    0x200001ae   0x00000002   PAD
    0x200001b0   0x00000004   Data   RW         1038    .data               mc_w.l(stdout.o)


    Execution Region ER_ZI (Base: 0x200001b4, Size: 0x00000904, Max: 0xffffffff, ABSOLUTE)

    Base Addr    Size         Type   Attr      Idx    E Section Name        Object

    0x200001b4   0x00000402   Zero   RW          332    .bss                esp8266.o
    0x200005b6   0x00000100   Zero   RW          362    .bss                usart2.o
    0x200006b6   0x00000002   PAD
    0x200006b8   0x00000400   Zero   RW          453    STACK               startup_stm32f10x_md.o


==============================================================================

Image component sizes


      Code (inc. data)   RO Data    RW Data    ZI Data      Debug   Object Name

       360          0          0          0          0       2187   common.o
         0          0          0          0          0         32   core_cm3.o
       208         18          0          4          0        999   delay.o
      2676        728          0          0       1026      11463   esp8266.o
       580         20          0          0          0       1930   i2c.o
      1096         62         16          0          0     223827   main.o
       220         20          0          0          0       1789   misc.o
      1516         22       2072        384          0     209743   oled.o
        36          8        236          0       1024        760   startup_stm32f10x_md.o
       856         40          0          0          0       5637   stm32f10x_gpio.o
        26          0          0          0          0      24358   stm32f10x_it.o
       932         44          0         20          0       8808   stm32f10x_rcc.o
      1032         22          0          0          0       8360   stm32f10x_usart.o
       476         36          0         20          0       1767   system_stm32f10x.o
       400         20          0          2        256     205852   usart2.o

    ----------------------------------------------------------------------
     10416       1040       2356        432       2308     707512   Object Totals
         0          0         32          0          0          0   (incl. Generated)
         2          0          0          2          2          0   (incl. Padding)

    ----------------------------------------------------------------------

      Code (inc. data)   RO Data    RW Data    ZI Data      Debug   Library Member Name

        92          0          0          0          0          0   __dczerorl2.o
         0          0          0          0          0          0   entry.o
         0          0          0          0          0          0   entry10a.o
         0          0          0          0          0          0   entry11a.o
         8          4          0          0          0          0   entry2.o
         4          0          0          0          0          0   entry5.o
         0          0          0          0          0          0   entry7b.o
         0          0          0          0          0          0   entry8b.o
         8          4          0          0          0          0   entry9a.o
        30          0          0          0          0          0   handlers.o
        36          8          0          0          0         68   init.o
         0          0          0          0          0          0   iusefp.o
        30          0          0          0          0         68   llshl.o
        36          0          0          0          0         68   llsshr.o
        32          0          0          0          0         68   llushr.o
        36          0          0          0          0         68   memcpya.o
        36          0          0          0          0        108   memseta.o
      2292         96          0          0          0        596   printfa.o
         0          0          0          4          0          0   stdout.o
        14          0          0          0          0         68   strlen.o
        36          0          0          0          0         80   strstr.o
        44          0          0          0          0         80   uidiv.o
        98          0          0          0          0         92   uldiv.o
        40          2          0          0          0         68   cdrcmple.o
       334          0          0          0          0        148   dadd.o
       222          0          0          0          0        100   ddiv.o
       190          0          0          0          0        176   depilogue.o
        48          0          0          0          0         68   dfixul.o
       228          0          0          0          0         96   dmul.o
        38          0          0          0          0         68   f2d.o
       176          0          0          0          0        140   fadd.o
       128          0          0          0          0         88   fdiv.o
       108          0          0          0          0        168   fepilogue.o
        40          0          0          0          0         68   ffixui.o
        10          0          0          0          0         68   ffltui.o
       108          0          0          0          0         76   fmul.o

    ----------------------------------------------------------------------
      4504        114          0          4          0       2696   Library Totals
         2          0          0          0          0          0   (incl. Padding)

    ----------------------------------------------------------------------

      Code (inc. data)   RO Data    RW Data    ZI Data      Debug   Library Name

      2832        112          0          4          0       1364   mc_w.l
      1670          2          0          0          0       1332   mf_w.l

    ----------------------------------------------------------------------
      4504        114          0          4          0       2696   Library Totals

    ----------------------------------------------------------------------

==============================================================================


      Code (inc. data)   RO Data    RW Data    ZI Data      Debug   

     14920       1154       2356        436       2308     707764   Grand Totals
     14920       1154       2356        192       2308     707764   ELF Image Totals (compressed)
     14920       1154       2356        192          0          0   ROM Totals

==============================================================================

    Total RO  Size (Code + RO Data)                17276 (  16.87kB)
    Total RW  Size (RW Data + ZI Data)              2744 (   2.68kB)
    Total ROM Size (Code + RO Data + RW Data)      17468 (  17.06kB)

==============================================================================

